2025-03-13 11:39:52 [INFO]  Running CPAT version 3.0.5...
2025-03-13 11:39:52 [INFO]  Start codons used: [ATG]
2025-03-13 11:39:52 [INFO]  Stop codons used: [TAG,TAA,TGA]
2025-03-13 11:39:52 [INFO]  Reading KP_hexamer.tsv
2025-03-13 11:39:52 [INFO]  Checking format of "./novel_proteome_uniprot_filtered.fa"
2025-03-13 11:39:52 [INFO]  Input gene file is in FASTA format
2025-03-13 11:39:52 [INFO]  Searching for ORFs ...
2025-03-13 11:39:52 [WARNING]  No ORFs found for STRG.51
2025-03-13 11:39:53 [WARNING]  No ORFs found for STRG.1274
2025-03-13 11:39:53 [WARNING]  No ORFs found for STRG.1522
2025-03-13 11:39:53 [WARNING]  No ORFs found for STRG.1537
2025-03-13 11:39:53 [WARNING]  No ORFs found for STRG.1590
2025-03-13 11:39:53 [WARNING]  No ORFs found for STRG.1908
2025-03-13 11:39:53 [WARNING]  No ORFs found for STRG.2201
2025-03-13 11:39:53 [WARNING]  No ORFs found for STRG.2333
2025-03-13 11:39:53 [WARNING]  No ORFs found for STRG.2433
2025-03-13 11:39:53 [WARNING]  No ORFs found for STRG.2812
2025-03-13 11:39:53 [WARNING]  No ORFs found for STRG.2861
2025-03-13 11:39:53 [WARNING]  No ORFs found for STRG.3109
2025-03-13 11:39:53 [WARNING]  No ORFs found for STRG.3157
2025-03-13 11:39:53 [WARNING]  No ORFs found for STRG.3201
2025-03-13 11:39:53 [WARNING]  No ORFs found for STRG.3248
2025-03-13 11:39:53 [WARNING]  No ORFs found for STRG.3644
2025-03-13 11:39:53 [WARNING]  No ORFs found for STRG.3694
2025-03-13 11:39:53 [WARNING]  No ORFs found for STRG.4545
2025-03-13 11:39:54 [WARNING]  No ORFs found for STRG.4801
2025-03-13 11:39:54 [WARNING]  No ORFs found for STRG.4994
2025-03-13 11:39:54 [WARNING]  No ORFs found for STRG.5207
2025-03-13 11:39:54 [WARNING]  No ORFs found for STRG.6798
2025-03-13 11:39:54 [WARNING]  No ORFs found for STRG.6900
2025-03-13 11:39:54 [WARNING]  No ORFs found for STRG.7576
2025-03-13 11:39:54 [WARNING]  No ORFs found for STRG.7965
2025-03-13 11:39:54 [WARNING]  No ORFs found for STRG.8265
2025-03-13 11:39:54 [WARNING]  No ORFs found for STRG.8446
2025-03-13 11:39:54 [WARNING]  No ORFs found for STRG.8649
2025-03-13 11:39:54 [WARNING]  No ORFs found for STRG.8772
2025-03-13 11:39:54 [WARNING]  No ORFs found for STRG.8870
2025-03-13 11:39:54 [WARNING]  No ORFs found for STRG.8947
2025-03-13 11:39:54 [WARNING]  No ORFs found for STRG.9094
2025-03-13 11:39:54 [WARNING]  No ORFs found for STRG.9109
2025-03-13 11:39:54 [WARNING]  No ORFs found for STRG.9141
2025-03-13 11:39:55 [WARNING]  No ORFs found for STRG.9996
2025-03-13 11:39:55 [WARNING]  No ORFs found for STRG.10070
2025-03-13 11:39:55 [WARNING]  No ORFs found for STRG.10143
2025-03-13 11:39:55 [WARNING]  No ORFs found for STRG.10456
2025-03-13 11:39:55 [WARNING]  No ORFs found for STRG.10777
2025-03-13 11:39:55 [WARNING]  No ORFs found for STRG.11240
2025-03-13 11:39:55 [WARNING]  No ORFs found for STRG.12915
2025-03-13 11:39:55 [WARNING]  No ORFs found for STRG.13096
2025-03-13 11:39:55 [WARNING]  No ORFs found for STRG.13403
2025-03-13 11:39:55 [WARNING]  No ORFs found for STRG.13472
2025-03-13 11:39:55 [WARNING]  No ORFs found for STRG.13485
2025-03-13 11:39:55 [WARNING]  No ORFs found for STRG.13493
2025-03-13 11:39:55 [WARNING]  No ORFs found for STRG.13597
2025-03-13 11:39:55 [WARNING]  No ORFs found for STRG.13738
2025-03-13 11:39:56 [WARNING]  No ORFs found for STRG.14354
2025-03-13 11:39:56 [WARNING]  No ORFs found for STRG.14655
2025-03-13 11:39:56 [INFO]  Calculate coding probability ...
2025-03-13 11:39:56 [INFO]  Removing file CPC2_output2.ORF_info.tsv
2025-03-13 11:39:56 [INFO]  Select ORF with the highest coding probability ...
2025-03-13 11:39:56 [INFO]  Done!
